// Jest Snapshot v1, https://goo.gl/fbAQLP

exports[`basic users request ajax 1`] = `"{\\"result\\":3}"`;
