// Jest Snapshot v1, https://goo.gl/fbAQLP

exports[`not found delegated to client 1`] = `"<!doctype html><html lang=\\"en\\"><head><meta charset=\\"UTF-8\\"><meta name=\\"viewport\\" content=\\"width=device-width,initial-scale=1,maximum-scale=1\\"><meta http-equiv=\\"X-UA-Compatible\\" content=\\"ie=edge\\"><link rel=\\"shortcut icon\\" type=\\"image/x-icon\\" href=\\"favicon.ico\\"/><title>React Boilerplate</title><link rel=\\"icon\\" href=\\"favicon.ico\\"></head><body><div id=\\"root\\"></div><script src=\\"App.js\\"></script></body></html>"`;
